AR priencoder31 rtl /home/yuta/cpuex/git/tomorrow/fpu-shuyoko/PriEncoder31_dara.vhd sub00/vhpl23 1386656173
AR blockram rtl /home/yuta/cpuex/git/tomorrow/core/simulation/blockram_test.vhd sub00/vhpl07 1386656200
AR fdiv fdiv_a /home/yuta/cpuex/isep/tomorrow_1/ipcore_dir/fdiv.vhd sub00/vhpl41 1386656190
EN zlc NULL /home/yuta/cpuex/git/tomorrow/fpu/zlc.vhd sub00/vhpl26 1386597653
EN priencoder31 NULL /home/yuta/cpuex/git/tomorrow/fpu-shuyoko/PriEncoder31_dara.vhd sub00/vhpl22 1386656172
AR fmul fuml /home/yuta/cpuex/git/tomorrow/fpu/fmul.vhd sub00/vhpl35 1386656184
AR receiver rtl /home/yuta/cpuex/git/tomorrow/core/RTL/receiver.vhd sub00/vhpl03 1386656196
AR ram rtl /home/yuta/cpuex/git/tomorrow/core/RTL/ram.vhd sub00/vhpl19 1386656212
AR sitof rtl /home/yuta/cpuex/git/tomorrow/fpu-shuyoko/sitof.vhd sub00/vhpl39 1386656188
AR bitshift_r rtl /home/yuta/cpuex/git/tomorrow/fpu/BitShift_R.vhd sub00/vhpl25 1386597652
AR transmitter rtl_arr /home/yuta/cpuex/git/tomorrow/core/RTL/transmitter.vhd sub00/vhpl05 1386656198
AR alu_controller rtl /home/yuta/cpuex/git/tomorrow/core/RTL/alu_controller.vhd sub00/vhpl13 1384071758
EN blockram NULL /home/yuta/cpuex/git/tomorrow/core/simulation/blockram_test.vhd sub00/vhpl06 1386656199
AR datapath rtl /home/yuta/cpuex/git/tomorrow/core/RTL/datapath.vhd sub00/vhpl15 1386656208
EN datapath NULL /home/yuta/cpuex/git/tomorrow/core/RTL/datapath.vhd sub00/vhpl14 1386656207
AR io_manager rtl /home/yuta/cpuex/git/tomorrow/core/RTL/io_manager.vhd sub00/vhpl01 1386656194
AR fadd fadd_a /home/yuta/cpuex/isep/tomorrow_1/ipcore_dir/fadd.vhd sub00/vhpl46 1386656182
AR bitshift_l1 rtl /home/yuta/cpuex/git/tomorrow/fpu/BitShift_L1.vhd sub00/vhpl29 1386597656
EN transmitter NULL /home/yuta/cpuex/git/tomorrow/core/RTL/transmitter.vhd sub00/vhpl04 1386656197
EN fdiv NULL /home/yuta/cpuex/isep/tomorrow_1/ipcore_dir/fdiv.vhd sub00/vhpl40 1386656189
AR controller rtl /home/yuta/cpuex/git/tomorrow/core/RTL/controller.vhd sub00/vhpl17 1386656210
AR fsqrt fsqrt_a /home/yuta/cpuex/isep/tomorrow_1/ipcore_dir/fsqrt.vhd sub00/vhpl43 1386656192
AR fpu rtl /home/yuta/cpuex/core/RTL/fpu.vhd sub00/vhpl45 1386656206
EN top NULL /home/yuta/cpuex/git/tomorrow/core/RTL/top.vhd sub00/vhpl20 1386656213
AR top rtl /home/yuta/cpuex/git/tomorrow/core/RTL/top.vhd sub00/vhpl21 1386656214
EN ftoi NULL /home/yuta/cpuex/git/tomorrow/fpu-shuyoko/ftoi.vhd sub00/vhpl36 1386656185
EN register_file NULL /home/yuta/cpuex/git/tomorrow/core/RTL/register_file.vhd sub00/vhpl08 1386656201
AR bitshift_l2 rtl /home/yuta/cpuex/git/tomorrow/fpu/BitShift_L2.vhd sub00/vhpl31 1386597658
AR register_file rtl /home/yuta/cpuex/git/tomorrow/core/RTL/register_file.vhd sub00/vhpl09 1386656202
EN bitshift_l1 NULL /home/yuta/cpuex/git/tomorrow/fpu/BitShift_L1.vhd sub00/vhpl28 1386597655
EN bitshift_l2 NULL /home/yuta/cpuex/git/tomorrow/fpu/BitShift_L2.vhd sub00/vhpl30 1386597657
AR ftoi rtl /home/yuta/cpuex/git/tomorrow/fpu-shuyoko/ftoi.vhd sub00/vhpl37 1386656186
EN bitshift_r NULL /home/yuta/cpuex/git/tomorrow/fpu/BitShift_R.vhd sub00/vhpl24 1386597651
EN fpu NULL /home/yuta/cpuex/core/RTL/fpu.vhd sub00/vhpl44 1386656205
EN receiver NULL /home/yuta/cpuex/git/tomorrow/core/RTL/receiver.vhd sub00/vhpl02 1386656195
EN fadd NULL /home/yuta/cpuex/isep/tomorrow_1/ipcore_dir/fadd.vhd sub00/vhpl32 1386656181
EN fmul NULL /home/yuta/cpuex/git/tomorrow/fpu/fmul.vhd sub00/vhpl34 1386656183
EN ram NULL /home/yuta/cpuex/git/tomorrow/core/RTL/ram.vhd sub00/vhpl18 1386656211
EN sitof NULL /home/yuta/cpuex/git/tomorrow/fpu-shuyoko/sitof.vhd sub00/vhpl38 1386656187
EN controller NULL /home/yuta/cpuex/git/tomorrow/core/RTL/controller.vhd sub00/vhpl16 1386656209
AR zlc behavior /home/yuta/cpuex/git/tomorrow/fpu/zlc.vhd sub00/vhpl27 1386597654
AR alu rtl /home/yuta/cpuex/git/tomorrow/core/RTL/alu.vhd sub00/vhpl11 1386656204
EN io_manager NULL /home/yuta/cpuex/git/tomorrow/core/RTL/io_manager.vhd sub00/vhpl00 1386656193
EN alu_controller NULL /home/yuta/cpuex/git/tomorrow/core/RTL/alu_controller.vhd sub00/vhpl12 1384071757
AR fadd fadd /home/yuta/cpuex/git/tomorrow/fpu/fadd.vhd sub00/vhpl33 1386597667
EN alu NULL /home/yuta/cpuex/git/tomorrow/core/RTL/alu.vhd sub00/vhpl10 1386656203
EN fsqrt NULL /home/yuta/cpuex/isep/tomorrow_1/ipcore_dir/fsqrt.vhd sub00/vhpl42 1386656191
