V3 94
FL /home/yuta/cpuex/core/RTL/fpu.vhd 2013/12/09.21:36:33 P.49d
EN work/fpu 1386597690 FL /home/yuta/cpuex/core/RTL/fpu.vhd PB ieee/std_logic_1164 1354696159 \
      LB tomorrow_1 PH tomorrow_1/fpu_pack 1386597665 PH tomorrow_1/fpu_misc 1386597660
AR work/fpu/RTL 1386597691 \
      FL /home/yuta/cpuex/core/RTL/fpu.vhd EN work/fpu 1386597690 CP fadd CP fmul \
      CP ftoi CP sitof CP fdiv CP fsqrt
FL /home/yuta/cpuex/git/tomorrow/core/RTL/alu.vhd 2013/11/10.17:18:41 P.49d
EN work/alu 1386597688 FL /home/yuta/cpuex/git/tomorrow/core/RTL/alu.vhd \
      PB ieee/std_logic_1164 1354696159 PB ieee/NUMERIC_STD 1354696164 \
      LB tomorrow_1 PH tomorrow_1/alu_pack 1386597659
AR work/alu/RTL 1386597689 \
      FL /home/yuta/cpuex/git/tomorrow/core/RTL/alu.vhd EN work/alu 1386597688
FL /home/yuta/cpuex/git/tomorrow/core/RTL/alu_controller.vhd 2013/11/08.11:08:58 P.49d
EN work/alu_controller 1384071757 \
      FL /home/yuta/cpuex/git/tomorrow/core/RTL/alu_controller.vhd \
      PB ieee/std_logic_1164 1354696159 LB tomorrow_1 PH tomorrow_1/alu_pack 1386597659
AR work/alu_controller/RTL 1384071758 \
      FL /home/yuta/cpuex/git/tomorrow/core/RTL/alu_controller.vhd \
      EN work/alu_controller 1384071757
FL /home/yuta/cpuex/git/tomorrow/core/RTL/controller.vhd 2013/12/09.21:29:26 P.49d
EN work/controller 1386597694 \
      FL /home/yuta/cpuex/git/tomorrow/core/RTL/controller.vhd \
      PB ieee/std_logic_1164 1354696159 PB ieee/STD_LOGIC_UNSIGNED 1354696162 \
      LB tomorrow_1 PH tomorrow_1/controller_pack 1386597662 \
      PH tomorrow_1/alu_pack 1386597659
AR work/controller/RTL 1386597695 \
      FL /home/yuta/cpuex/git/tomorrow/core/RTL/controller.vhd EN work/controller 1386597694
FL /home/yuta/cpuex/git/tomorrow/core/RTL/datapath.vhd 2013/12/04.23:33:34 P.49d
EN work/datapath 1386597692 \
      FL /home/yuta/cpuex/git/tomorrow/core/RTL/datapath.vhd \
      PB ieee/std_logic_1164 1354696159 PB ieee/NUMERIC_STD 1354696164 \
      LB tomorrow_1 PH tomorrow_1/component_pack 1386597663 PH tomorrow_1/alu_pack 1386597659 \
      PH tomorrow_1/fpu_misc 1386597660
AR work/datapath/RTL 1386597693 \
      FL /home/yuta/cpuex/git/tomorrow/core/RTL/datapath.vhd EN work/datapath 1386597692 \
      CP register_file CP alu CP fpu
FL /home/yuta/cpuex/git/tomorrow/core/RTL/io_manager.vhd 2013/12/09.22:59:37 P.49d
EN work/io_manager 1386597678 \
      FL /home/yuta/cpuex/git/tomorrow/core/RTL/io_manager.vhd \
      PB ieee/std_logic_1164 1354696159 PB ieee/STD_LOGIC_UNSIGNED 1354696162
AR work/io_manager/RTL 1386597679 \
      FL /home/yuta/cpuex/git/tomorrow/core/RTL/io_manager.vhd EN work/io_manager 1386597678
FL /home/yuta/cpuex/git/tomorrow/core/RTL/ram.vhd 2013/11/27.14:15:28 P.49d
EN work/ram 1386597696 FL /home/yuta/cpuex/git/tomorrow/core/RTL/ram.vhd \
      PB ieee/std_logic_1164 1354696159 LB tomorrow_1 PH tomorrow_1/ram_pack 1386597661
AR work/ram/RTL 1386597697 \
      FL /home/yuta/cpuex/git/tomorrow/core/RTL/ram.vhd EN work/ram 1386597696 \
      CP io_manager CP receiver CP transmitter CP blockram
FL /home/yuta/cpuex/git/tomorrow/core/RTL/receiver.vhd 2013/11/08.11:08:58 P.49d
EN work/receiver 1386597680 \
      FL /home/yuta/cpuex/git/tomorrow/core/RTL/receiver.vhd \
      PB ieee/std_logic_1164 1354696159 PB ieee/STD_LOGIC_UNSIGNED 1354696162
AR work/receiver/RTL 1386597681 \
      FL /home/yuta/cpuex/git/tomorrow/core/RTL/receiver.vhd EN work/receiver 1386597680
FL /home/yuta/cpuex/git/tomorrow/core/RTL/register_file.vhd 2013/11/08.11:08:58 P.49d
EN work/register_file 1386597686 \
      FL /home/yuta/cpuex/git/tomorrow/core/RTL/register_file.vhd \
      PB ieee/std_logic_1164 1354696159 PB ieee/STD_LOGIC_UNSIGNED 1354696162
AR work/register_file/rtl 1386597687 \
      FL /home/yuta/cpuex/git/tomorrow/core/RTL/register_file.vhd \
      EN work/register_file 1386597686
FL /home/yuta/cpuex/git/tomorrow/core/RTL/top.vhd 2013/12/04.23:33:34 P.49d
EN work/top 1386597698 FL /home/yuta/cpuex/git/tomorrow/core/RTL/top.vhd \
      PB ieee/std_logic_1164 1354696159 LB tomorrow_1 PH tomorrow_1/top_pack 1386597664 \
      PH tomorrow_1/alu_pack 1386597659 LB unisim PH unisim/VCOMPONENTS 1354696165
AR work/top/RTL 1386597699 \
      FL /home/yuta/cpuex/git/tomorrow/core/RTL/top.vhd EN work/top 1386597698 \
      CP IBUFG CP BUFG CP datapath CP controller CP ram
FL /home/yuta/cpuex/git/tomorrow/core/RTL/transmitter.vhd 2013/11/08.11:08:58 P.49d
EN work/transmitter 1386597682 \
      FL /home/yuta/cpuex/git/tomorrow/core/RTL/transmitter.vhd \
      PB ieee/std_logic_1164 1354696159 PB ieee/STD_LOGIC_UNSIGNED 1354696162
AR work/transmitter/RTL_arr 1386597683 \
      FL /home/yuta/cpuex/git/tomorrow/core/RTL/transmitter.vhd \
      EN work/transmitter 1386597682
FL /home/yuta/cpuex/git/tomorrow/core/simulation/blockram_test.vhd 2013/11/27.14:44:49 P.49d
EN work/blockram 1386597684 \
      FL /home/yuta/cpuex/git/tomorrow/core/simulation/blockram_test.vhd \
      PB ieee/std_logic_1164 1354696159 PB ieee/STD_LOGIC_UNSIGNED 1354696162
AR work/blockram/RTL 1386597685 \
      FL /home/yuta/cpuex/git/tomorrow/core/simulation/blockram_test.vhd \
      EN work/blockram 1386597684
FL /home/yuta/cpuex/git/tomorrow/fpu-shuyoko/ftoi.vhd 2013/12/04.23:33:34 P.49d
EN work/ftoi 1386597670 FL /home/yuta/cpuex/git/tomorrow/fpu-shuyoko/ftoi.vhd \
      PB ieee/std_logic_1164 1354696159 PB ieee/STD_LOGIC_UNSIGNED 1354696162
AR work/ftoi/RTL 1386597671 \
      FL /home/yuta/cpuex/git/tomorrow/fpu-shuyoko/ftoi.vhd EN work/ftoi 1386597670
FL /home/yuta/cpuex/git/tomorrow/fpu-shuyoko/PriEncoder31_dara.vhd 2013/12/04.23:33:34 P.49d
EN work/PriEncoder31 1386597649 \
      FL /home/yuta/cpuex/git/tomorrow/fpu-shuyoko/PriEncoder31_dara.vhd \
      PB ieee/std_logic_1164 1354696159
AR work/PriEncoder31/RTL 1386597650 \
      FL /home/yuta/cpuex/git/tomorrow/fpu-shuyoko/PriEncoder31_dara.vhd \
      EN work/PriEncoder31 1386597649
FL /home/yuta/cpuex/git/tomorrow/fpu-shuyoko/sitof.vhd 2013/12/09.21:46:21 P.49d
EN work/sitof 1386597672 FL /home/yuta/cpuex/git/tomorrow/fpu-shuyoko/sitof.vhd \
      PB ieee/std_logic_1164 1354696159 PB ieee/STD_LOGIC_SIGNED 1354696161
AR work/sitof/RTL 1386597673 \
      FL /home/yuta/cpuex/git/tomorrow/fpu-shuyoko/sitof.vhd EN work/sitof 1386597672 \
      CP PriEncoder31
FL /home/yuta/cpuex/git/tomorrow/fpu/BitShift_L1.vhd 2013/11/07.17:01:40 P.49d
EN work/BitShift_L1 1386597655 \
      FL /home/yuta/cpuex/git/tomorrow/fpu/BitShift_L1.vhd PB ieee/std_logic_1164 1354696159 \
      PB ieee/std_logic_arith 1354696160 PB ieee/STD_LOGIC_UNSIGNED 1354696162
AR work/BitShift_L1/RTL 1386597656 \
      FL /home/yuta/cpuex/git/tomorrow/fpu/BitShift_L1.vhd EN work/BitShift_L1 1386597655
FL /home/yuta/cpuex/git/tomorrow/fpu/BitShift_L2.vhd 2013/11/07.17:01:40 P.49d
EN work/BitShift_L2 1386597657 \
      FL /home/yuta/cpuex/git/tomorrow/fpu/BitShift_L2.vhd PB ieee/std_logic_1164 1354696159 \
      PB ieee/std_logic_arith 1354696160 PB ieee/STD_LOGIC_UNSIGNED 1354696162
AR work/BitShift_L2/RTL 1386597658 \
      FL /home/yuta/cpuex/git/tomorrow/fpu/BitShift_L2.vhd EN work/BitShift_L2 1386597657
FL /home/yuta/cpuex/git/tomorrow/fpu/BitShift_R.vhd 2013/11/07.17:01:40 P.49d
EN work/BitShift_R 1386597651 FL /home/yuta/cpuex/git/tomorrow/fpu/BitShift_R.vhd \
      PB ieee/std_logic_1164 1354696159 PB ieee/std_logic_arith 1354696160 \
      PB ieee/STD_LOGIC_UNSIGNED 1354696162
AR work/BitShift_R/RTL 1386597652 \
      FL /home/yuta/cpuex/git/tomorrow/fpu/BitShift_R.vhd EN work/BitShift_R 1386597651
FL /home/yuta/cpuex/git/tomorrow/fpu/fadd.vhd 2013/11/07.17:01:40 P.49d
EN work/fadd 1386597666 FL /home/yuta/cpuex/git/tomorrow/fpu/fadd.vhd \
      PB ieee/std_logic_1164 1354696159 PB ieee/std_logic_arith 1354696160 \
      PB ieee/STD_LOGIC_UNSIGNED 1354696162
AR work/fadd/fadd 1386597667 \
      FL /home/yuta/cpuex/git/tomorrow/fpu/fadd.vhd EN work/fadd 1386597666 \
      CP BitShift_R CP zlc CP BitShift_L1 CP BitShift_L2
FL /home/yuta/cpuex/git/tomorrow/fpu/fmul.vhd 2013/11/07.17:01:40 P.49d
EN work/fmul 1386597668 FL /home/yuta/cpuex/git/tomorrow/fpu/fmul.vhd \
      PB ieee/std_logic_1164 1354696159 PB ieee/std_logic_arith 1354696160 \
      PB ieee/STD_LOGIC_UNSIGNED 1354696162
AR work/fmul/fuml 1386597669 \
      FL /home/yuta/cpuex/git/tomorrow/fpu/fmul.vhd EN work/fmul 1386597668
FL /home/yuta/cpuex/git/tomorrow/fpu/zlc.vhd 2013/11/07.17:01:40 P.49d
EN work/zlc 1386597653 FL /home/yuta/cpuex/git/tomorrow/fpu/zlc.vhd \
      PB ieee/std_logic_1164 1354696159 PB ieee/std_logic_arith 1354696160 \
      PB ieee/STD_LOGIC_UNSIGNED 1354696162
AR work/zlc/behavior 1386597654 \
      FL /home/yuta/cpuex/git/tomorrow/fpu/zlc.vhd EN work/zlc 1386597653
FL /home/yuta/cpuex/isep/tomorrow_1/ipcore_dir/fdiv.vhd 2013/12/02.21:02:12 P.49d
EN work/fdiv 1386597674 FL /home/yuta/cpuex/isep/tomorrow_1/ipcore_dir/fdiv.vhd \
      PB ieee/std_logic_1164 1354696159
AR work/fdiv/fdiv_a 1386597675 \
      FL /home/yuta/cpuex/isep/tomorrow_1/ipcore_dir/fdiv.vhd EN work/fdiv 1386597674
FL /home/yuta/cpuex/isep/tomorrow_1/ipcore_dir/fsqrt.vhd 2013/12/02.21:13:21 P.49d
EN work/fsqrt 1386597676 FL /home/yuta/cpuex/isep/tomorrow_1/ipcore_dir/fsqrt.vhd \
      PB ieee/std_logic_1164 1354696159
AR work/fsqrt/fsqrt_a 1386597677 \
      FL /home/yuta/cpuex/isep/tomorrow_1/ipcore_dir/fsqrt.vhd EN work/fsqrt 1386597676
