AR priencoder31 rtl /home/yuta/cpuex/git/tomorrow/fpu-shuyoko/PriEncoder31_dara.vhd sub00/vhpl01 1386674700
AR blockram rtl /home/yuta/cpuex/git/tomorrow/core/simulation/blockram_test.vhd sub00/vhpl21 1386674735
AR fdiv fdiv_a /home/yuta/cpuex/isep/ipcore_dir/fdiv.vhd sub00/vhpl11 1386674725
EN zlc NULL /home/yuta/cpuex/git/tomorrow/fpu/zlc.vhd sub00/vhpl38 1386674703
EN priencoder31 NULL /home/yuta/cpuex/git/tomorrow/fpu-shuyoko/PriEncoder31_dara.vhd sub00/vhpl00 1386674699
AR fmul fuml /home/yuta/cpuex/git/tomorrow/fpu/fmul.vhd sub00/vhpl05 1386674719
AR receiver rtl /home/yuta/cpuex/git/tomorrow/core/RTL/receiver.vhd sub00/vhpl17 1386674731
AR sitof rtl /home/yuta/cpuex/git/tomorrow/fpu-shuyoko/sitof.vhd sub00/vhpl09 1386674723
AR ram rtl /home/yuta/cpuex/git/tomorrow/core/RTL/ram.vhd sub00/vhpl33 1386674747
AR bitshift_r rtl /home/yuta/cpuex/git/tomorrow/fpu/BitShift_R.vhd sub00/vhpl37 1386674702
AR transmitter rtl_arr /home/yuta/cpuex/git/tomorrow/core/RTL/transmitter.vhd sub00/vhpl19 1386674733
EN blockram NULL /home/yuta/cpuex/git/tomorrow/core/simulation/blockram_test.vhd sub00/vhpl20 1386674734
AR datapath rtl /home/yuta/cpuex/git/tomorrow/core/RTL/datapath.vhd sub00/vhpl29 1386674743
EN datapath NULL /home/yuta/cpuex/git/tomorrow/core/RTL/datapath.vhd sub00/vhpl28 1386674742
AR io_manager rtl /home/yuta/cpuex/git/tomorrow/core/RTL/io_manager.vhd sub00/vhpl15 1386674729
AR fadd fadd_a /home/yuta/cpuex/isep/ipcore_dir/fadd.vhd sub00/vhpl03 1386664699
AR bitshift_l1 rtl /home/yuta/cpuex/git/tomorrow/fpu/BitShift_L1.vhd sub00/vhpl41 1386674706
EN fdiv NULL /home/yuta/cpuex/isep/ipcore_dir/fdiv.vhd sub00/vhpl10 1386674724
EN transmitter NULL /home/yuta/cpuex/git/tomorrow/core/RTL/transmitter.vhd sub00/vhpl18 1386674732
AR controller rtl /home/yuta/cpuex/git/tomorrow/core/RTL/controller.vhd sub00/vhpl31 1386674745
AR fsqrt fsqrt_a /home/yuta/cpuex/isep/ipcore_dir/fsqrt.vhd sub00/vhpl13 1386674727
AR fpu rtl /home/yuta/cpuex/git/tomorrow/core/RTL/fpu.vhd sub00/vhpl27 1386674741
EN top NULL /home/yuta/cpuex/git/tomorrow/core/RTL/top.vhd sub00/vhpl34 1386674748
AR top rtl /home/yuta/cpuex/git/tomorrow/core/RTL/top.vhd sub00/vhpl35 1386674749
EN ftoi NULL /home/yuta/cpuex/git/tomorrow/fpu-shuyoko/ftoi.vhd sub00/vhpl06 1386674720
EN register_file NULL /home/yuta/cpuex/git/tomorrow/core/RTL/register_file.vhd sub00/vhpl22 1386674736
AR bitshift_l2 rtl /home/yuta/cpuex/git/tomorrow/fpu/BitShift_L2.vhd sub00/vhpl43 1386674708
AR register_file rtl /home/yuta/cpuex/git/tomorrow/core/RTL/register_file.vhd sub00/vhpl23 1386674737
EN bitshift_l1 NULL /home/yuta/cpuex/git/tomorrow/fpu/BitShift_L1.vhd sub00/vhpl40 1386674705
EN bitshift_l2 NULL /home/yuta/cpuex/git/tomorrow/fpu/BitShift_L2.vhd sub00/vhpl42 1386674707
AR ftoi rtl /home/yuta/cpuex/git/tomorrow/fpu-shuyoko/ftoi.vhd sub00/vhpl07 1386674721
EN bitshift_r NULL /home/yuta/cpuex/git/tomorrow/fpu/BitShift_R.vhd sub00/vhpl36 1386674701
EN fpu NULL /home/yuta/cpuex/git/tomorrow/core/RTL/fpu.vhd sub00/vhpl26 1386674740
EN fadd NULL /home/yuta/cpuex/git/tomorrow/fpu/fadd.vhd sub00/vhpl02 1386674716
EN receiver NULL /home/yuta/cpuex/git/tomorrow/core/RTL/receiver.vhd sub00/vhpl16 1386674730
EN fmul NULL /home/yuta/cpuex/git/tomorrow/fpu/fmul.vhd sub00/vhpl04 1386674718
EN sitof NULL /home/yuta/cpuex/git/tomorrow/fpu-shuyoko/sitof.vhd sub00/vhpl08 1386674722
EN ram NULL /home/yuta/cpuex/git/tomorrow/core/RTL/ram.vhd sub00/vhpl32 1386674746
EN controller NULL /home/yuta/cpuex/git/tomorrow/core/RTL/controller.vhd sub00/vhpl30 1386674744
AR zlc behavior /home/yuta/cpuex/git/tomorrow/fpu/zlc.vhd sub00/vhpl39 1386674704
AR alu rtl /home/yuta/cpuex/git/tomorrow/core/RTL/alu.vhd sub00/vhpl25 1386674739
EN io_manager NULL /home/yuta/cpuex/git/tomorrow/core/RTL/io_manager.vhd sub00/vhpl14 1386674728
AR fadd fadd /home/yuta/cpuex/git/tomorrow/fpu/fadd.vhd sub00/vhpl44 1386674717
EN alu NULL /home/yuta/cpuex/git/tomorrow/core/RTL/alu.vhd sub00/vhpl24 1386674738
EN fsqrt NULL /home/yuta/cpuex/isep/ipcore_dir/fsqrt.vhd sub00/vhpl12 1386674726
