AR priencoder31 rtl /home/yuta/cpuex/git/tomorrow/fpu-shuyoko/PriEncoder31_dara.vhd sub00/vhpl01 1386664690
AR blockram rtl /home/yuta/cpuex/git/tomorrow/core/simulation/blockram_test.vhd sub00/vhpl21 1386664717
AR fdiv fdiv_a /home/yuta/cpuex/isep/ipcore_dir/fdiv.vhd sub00/vhpl11 1386664707
EN priencoder31 NULL /home/yuta/cpuex/git/tomorrow/fpu-shuyoko/PriEncoder31_dara.vhd sub00/vhpl00 1386664689
AR fmul fuml /home/yuta/cpuex/git/tomorrow/fpu/fmul.vhd sub00/vhpl05 1386664701
AR receiver rtl /home/yuta/cpuex/git/tomorrow/core/RTL/receiver.vhd sub00/vhpl17 1386664713
AR sitof rtl /home/yuta/cpuex/git/tomorrow/fpu-shuyoko/sitof.vhd sub00/vhpl09 1386664705
AR ram rtl /home/yuta/cpuex/git/tomorrow/core/RTL/ram.vhd sub00/vhpl33 1386664729
AR transmitter rtl_arr /home/yuta/cpuex/git/tomorrow/core/RTL/transmitter.vhd sub00/vhpl19 1386664715
EN blockram NULL /home/yuta/cpuex/git/tomorrow/core/simulation/blockram_test.vhd sub00/vhpl20 1386664716
AR datapath rtl /home/yuta/cpuex/git/tomorrow/core/RTL/datapath.vhd sub00/vhpl29 1386664725
EN datapath NULL /home/yuta/cpuex/git/tomorrow/core/RTL/datapath.vhd sub00/vhpl28 1386664724
AR io_manager rtl /home/yuta/cpuex/git/tomorrow/core/RTL/io_manager.vhd sub00/vhpl15 1386664711
AR fadd fadd_a /home/yuta/cpuex/isep/ipcore_dir/fadd.vhd sub00/vhpl03 1386664699
EN fdiv NULL /home/yuta/cpuex/isep/ipcore_dir/fdiv.vhd sub00/vhpl10 1386664706
EN transmitter NULL /home/yuta/cpuex/git/tomorrow/core/RTL/transmitter.vhd sub00/vhpl18 1386664714
AR controller rtl /home/yuta/cpuex/git/tomorrow/core/RTL/controller.vhd sub00/vhpl31 1386664727
AR fsqrt fsqrt_a /home/yuta/cpuex/isep/ipcore_dir/fsqrt.vhd sub00/vhpl13 1386664709
AR fpu rtl /home/yuta/cpuex/git/tomorrow/core/RTL/fpu.vhd sub00/vhpl27 1386664723
EN top NULL /home/yuta/cpuex/git/tomorrow/core/RTL/top.vhd sub00/vhpl34 1386664730
AR top rtl /home/yuta/cpuex/git/tomorrow/core/RTL/top.vhd sub00/vhpl35 1386664731
EN ftoi NULL /home/yuta/cpuex/git/tomorrow/fpu-shuyoko/ftoi.vhd sub00/vhpl06 1386664702
EN register_file NULL /home/yuta/cpuex/git/tomorrow/core/RTL/register_file.vhd sub00/vhpl22 1386664718
AR register_file rtl /home/yuta/cpuex/git/tomorrow/core/RTL/register_file.vhd sub00/vhpl23 1386664719
AR ftoi rtl /home/yuta/cpuex/git/tomorrow/fpu-shuyoko/ftoi.vhd sub00/vhpl07 1386664703
EN fpu NULL /home/yuta/cpuex/git/tomorrow/core/RTL/fpu.vhd sub00/vhpl26 1386664722
EN fadd NULL /home/yuta/cpuex/isep/ipcore_dir/fadd.vhd sub00/vhpl02 1386664698
EN receiver NULL /home/yuta/cpuex/git/tomorrow/core/RTL/receiver.vhd sub00/vhpl16 1386664712
EN fmul NULL /home/yuta/cpuex/git/tomorrow/fpu/fmul.vhd sub00/vhpl04 1386664700
EN sitof NULL /home/yuta/cpuex/git/tomorrow/fpu-shuyoko/sitof.vhd sub00/vhpl08 1386664704
EN ram NULL /home/yuta/cpuex/git/tomorrow/core/RTL/ram.vhd sub00/vhpl32 1386664728
EN controller NULL /home/yuta/cpuex/git/tomorrow/core/RTL/controller.vhd sub00/vhpl30 1386664726
AR alu rtl /home/yuta/cpuex/git/tomorrow/core/RTL/alu.vhd sub00/vhpl25 1386664721
EN io_manager NULL /home/yuta/cpuex/git/tomorrow/core/RTL/io_manager.vhd sub00/vhpl14 1386664710
EN alu NULL /home/yuta/cpuex/git/tomorrow/core/RTL/alu.vhd sub00/vhpl24 1386664720
EN fsqrt NULL /home/yuta/cpuex/isep/ipcore_dir/fsqrt.vhd sub00/vhpl12 1386664708
