PH controller_pack NULL /home/yuta/cpuex/git/tomorrow/core/packages/controller_pack.vhd sub00/vhpl03 1386664694
PH ram_pack NULL /home/yuta/cpuex/git/tomorrow/core/packages/ram_pack.vhd sub00/vhpl02 1386664693
PH fpu_pack NULL /home/yuta/cpuex/git/tomorrow/core/packages/fpu_pack.vhd sub00/vhpl06 1386664697
PH top_pack NULL /home/yuta/cpuex/git/tomorrow/core/packages/top_pack.vhd sub00/vhpl05 1386664696
PH alu_pack NULL /home/yuta/cpuex/git/tomorrow/core/packages/alu_pack.vhd sub00/vhpl00 1386664691
PH component_pack NULL /home/yuta/cpuex/git/tomorrow/core/packages/component_pack.vhd sub00/vhpl04 1386664695
PH fpu_misc NULL /home/yuta/cpuex/git/tomorrow/core/packages/fpu_misc.vhd sub00/vhpl01 1386664692
