AR priencoder31 rtl /home/yuta/cpuex/git/tomorrow/fpu-shuyoko/PriEncoder31_dara.vhd sub00/vhpl01 1392848306
AR finv rtl /home/yuta/cpuex/git/tomorrow/fpu-maru/finv.vhd sub00/vhpl51 1392848331
AR blockram rtl /home/yuta/cpuex/git/tomorrow/core/simulation/blockram_test.vhd sub00/vhpl21 1392848341
EN finvtable NULL /home/yuta/cpuex/isep/ipcore_dir/finvtable.vhd sub00/vhpl48 1392848303
AR fdiv fdiv_a /home/yuta/cpuex/isep/ipcore_dir/fdiv.vhd sub00/vhpl11 1392284540
EN zlc NULL /home/yuta/cpuex/git/tomorrow/fpu/zlc.vhd sub00/vhpl38 1392848309
EN priencoder31 NULL /home/yuta/cpuex/git/tomorrow/fpu-shuyoko/PriEncoder31_dara.vhd sub00/vhpl00 1392848305
EN finv NULL /home/yuta/cpuex/git/tomorrow/fpu-maru/finv.vhd sub00/vhpl50 1392848330
AR fmul fuml /home/yuta/cpuex/git/tomorrow/fpu/fmul.vhd sub00/vhpl05 1392848325
AR receiver rtl /home/yuta/cpuex/git/tomorrow/core/RTL/receiver.vhd sub00/vhpl17 1392848337
AR sitof rtl /home/yuta/cpuex/git/tomorrow/fpu-shuyoko/sitof.vhd sub00/vhpl09 1392848329
AR ram rtl /home/yuta/cpuex/git/tomorrow/core/RTL/ram.vhd sub00/vhpl33 1392848353
AR bitshift_r rtl /home/yuta/cpuex/git/tomorrow/fpu/BitShift_R.vhd sub00/vhpl37 1392848308
AR transmitter rtl_arr /home/yuta/cpuex/git/tomorrow/core/RTL/transmitter.vhd sub00/vhpl19 1392848339
EN blockram NULL /home/yuta/cpuex/git/tomorrow/core/simulation/blockram_test.vhd sub00/vhpl20 1392848340
AR datapath rtl /home/yuta/cpuex/git/tomorrow/core/RTL/datapath.vhd sub00/vhpl29 1392848349
EN datapath NULL /home/yuta/cpuex/git/tomorrow/core/RTL/datapath.vhd sub00/vhpl28 1392848348
AR io_manager rtl /home/yuta/cpuex/git/tomorrow/core/RTL/io_manager.vhd sub00/vhpl15 1392848335
AR fadd fadd_a /home/yuta/cpuex/isep/ipcore_dir/fadd.vhd sub00/vhpl03 1386664699
AR bitshift_l1 rtl /home/yuta/cpuex/git/tomorrow/fpu/BitShift_L1.vhd sub00/vhpl41 1392848312
EN fdiv NULL /home/yuta/cpuex/isep/ipcore_dir/fdiv.vhd sub00/vhpl10 1392284539
EN transmitter NULL /home/yuta/cpuex/git/tomorrow/core/RTL/transmitter.vhd sub00/vhpl18 1392848338
AR controller rtl /home/yuta/cpuex/git/tomorrow/core/RTL/controller.vhd sub00/vhpl31 1392848351
AR fsqrt fsqrt_a /home/yuta/cpuex/isep/ipcore_dir/fsqrt.vhd sub00/vhpl13 1392284542
AR fpu rtl /home/yuta/cpuex/git/tomorrow/core/RTL/fpu.vhd sub00/vhpl27 1392848347
EN top NULL /home/yuta/cpuex/git/tomorrow/core/RTL/top.vhd sub00/vhpl34 1392848354
AR top rtl /home/yuta/cpuex/git/tomorrow/core/RTL/top.vhd sub00/vhpl35 1392848355
EN ftoi NULL /home/yuta/cpuex/git/tomorrow/fpu-shuyoko/ftoi.vhd sub00/vhpl06 1392848326
EN register_file NULL /home/yuta/cpuex/git/tomorrow/core/RTL/register_file.vhd sub00/vhpl22 1392848342
AR bitshift_l2 rtl /home/yuta/cpuex/git/tomorrow/fpu/BitShift_L2.vhd sub00/vhpl43 1392848314
AR zlc rtl /home/yuta/cpuex/git/tomorrow/fpu/zlc.vhd sub00/vhpl45 1392848310
AR register_file rtl /home/yuta/cpuex/git/tomorrow/core/RTL/register_file.vhd sub00/vhpl23 1392848343
AR fsqrt rtl /home/yuta/cpuex/git/tomorrow/fpu-maru/fsqrt.vhd sub00/vhpl52 1392848333
EN bitshift_l1 NULL /home/yuta/cpuex/git/tomorrow/fpu/BitShift_L1.vhd sub00/vhpl40 1392848311
EN bitshift_l2 NULL /home/yuta/cpuex/git/tomorrow/fpu/BitShift_L2.vhd sub00/vhpl42 1392848313
AR ftoi rtl /home/yuta/cpuex/git/tomorrow/fpu-shuyoko/ftoi.vhd sub00/vhpl07 1392848327
EN bitshift_r NULL /home/yuta/cpuex/git/tomorrow/fpu/BitShift_R.vhd sub00/vhpl36 1392848307
EN fpu NULL /home/yuta/cpuex/git/tomorrow/core/RTL/fpu.vhd sub00/vhpl26 1392848346
EN fadd NULL /home/yuta/cpuex/git/tomorrow/fpu/fadd.vhd sub00/vhpl02 1392848322
EN receiver NULL /home/yuta/cpuex/git/tomorrow/core/RTL/receiver.vhd sub00/vhpl16 1392848336
AR fsqrttable fsqrttable_a /home/yuta/cpuex/isep/ipcore_dir/fsqrttable.vhd sub00/vhpl47 1392848302
EN fmul NULL /home/yuta/cpuex/git/tomorrow/fpu/fmul.vhd sub00/vhpl04 1392848324
AR finvtable finvtable_a /home/yuta/cpuex/isep/ipcore_dir/finvtable.vhd sub00/vhpl49 1392848304
EN sitof NULL /home/yuta/cpuex/git/tomorrow/fpu-shuyoko/sitof.vhd sub00/vhpl08 1392848328
EN ram NULL /home/yuta/cpuex/git/tomorrow/core/RTL/ram.vhd sub00/vhpl32 1392848352
EN controller NULL /home/yuta/cpuex/git/tomorrow/core/RTL/controller.vhd sub00/vhpl30 1392848350
AR zlc behavior /home/yuta/cpuex/git/tomorrow/fpu/zlc.vhd sub00/vhpl39 1386679619
AR alu rtl /home/yuta/cpuex/git/tomorrow/core/RTL/alu.vhd sub00/vhpl25 1392848345
EN io_manager NULL /home/yuta/cpuex/git/tomorrow/core/RTL/io_manager.vhd sub00/vhpl14 1392848334
EN fsqrttable NULL /home/yuta/cpuex/isep/ipcore_dir/fsqrttable.vhd sub00/vhpl46 1392848301
AR fadd fadd /home/yuta/cpuex/git/tomorrow/fpu/fadd.vhd sub00/vhpl44 1392848323
EN alu NULL /home/yuta/cpuex/git/tomorrow/core/RTL/alu.vhd sub00/vhpl24 1392848344
EN fsqrt NULL /home/yuta/cpuex/git/tomorrow/fpu-maru/fsqrt.vhd sub00/vhpl12 1392848332
