PH controller_pack NULL /home/yuta/cpuex/git/tomorrow/core/packages/controller_pack.vhd sub00/vhpl02 1386597662
PH ram_pack NULL /home/yuta/cpuex/git/tomorrow/core/packages/ram_pack.vhd sub00/vhpl01 1386597661
PH fpu_pack NULL /home/yuta/cpuex/core/packages/fpu_pack.vhd sub00/vhpl06 1386597665
PH top_pack NULL /home/yuta/cpuex/git/tomorrow/core/packages/top_pack.vhd sub00/vhpl04 1386597664
PH alu_pack NULL /home/yuta/cpuex/git/tomorrow/core/packages/alu_pack.vhd sub00/vhpl00 1386597659
PH component_pack NULL /home/yuta/cpuex/git/tomorrow/core/packages/component_pack.vhd sub00/vhpl03 1386597663
PH fpu_misc NULL /home/yuta/cpuex/core/packages/fpu_misc.vhd sub00/vhpl05 1386597660
