V3 31
FL /home/yuta/cpuex/core/packages/fpu_misc.vhd 2013/12/04.23:33:34 P.49d
PH tomorrow_1/fpu_misc 1386656175 FL /home/yuta/cpuex/core/packages/fpu_misc.vhd
FL /home/yuta/cpuex/core/packages/fpu_pack.vhd 2013/12/10.15:15:42 P.49d
PH tomorrow_1/fpu_pack 1386656180 FL /home/yuta/cpuex/core/packages/fpu_pack.vhd \
      PB ieee/std_logic_1164 1354696159 CD fadd CD fmul CD ftoi CD sitof CD fdiv \
      CD fsqrt
FL /home/yuta/cpuex/git/tomorrow/core/packages/alu_pack.vhd 2013/12/04.23:33:34 P.49d
PH tomorrow_1/alu_pack 1386656174 \
      FL /home/yuta/cpuex/git/tomorrow/core/packages/alu_pack.vhd
FL /home/yuta/cpuex/git/tomorrow/core/packages/component_pack.vhd 2013/12/04.23:33:34 P.49d
PH tomorrow_1/component_pack 1386656178 \
      FL /home/yuta/cpuex/git/tomorrow/core/packages/component_pack.vhd \
      PB ieee/std_logic_1164 1354696159 LB tomorrow_1 PH tomorrow_1/alu_pack 1386656174 \
      PH tomorrow_1/fpu_misc 1386656175 CD register_file CD alu CD fpu
FL /home/yuta/cpuex/git/tomorrow/core/packages/controller_pack.vhd 2013/12/10.15:13:06 P.49d
PH tomorrow_1/controller_pack 1386656177 \
      FL /home/yuta/cpuex/git/tomorrow/core/packages/controller_pack.vhd \
      PB ieee/std_logic_1164 1354696159 LB tomorrow_1 PH tomorrow_1/alu_pack 1386656174
FL /home/yuta/cpuex/git/tomorrow/core/packages/ram_pack.vhd 2013/11/08.11:08:58 P.49d
PH tomorrow_1/ram_pack 1386656176 \
      FL /home/yuta/cpuex/git/tomorrow/core/packages/ram_pack.vhd \
      PB ieee/std_logic_1164 1354696159 CD receiver CD transmitter CD blockram \
      CD io_manager
FL /home/yuta/cpuex/git/tomorrow/core/packages/top_pack.vhd 2013/12/04.23:33:34 P.49d
PH tomorrow_1/top_pack 1386656179 \
      FL /home/yuta/cpuex/git/tomorrow/core/packages/top_pack.vhd \
      PB ieee/std_logic_1164 1354696159 LB tomorrow_1 PH tomorrow_1/alu_pack 1386656174 \
      CD datapath CD controller CD ram
