V3 31
FL /home/yuta/cpuex/core/packages/fpu_misc.vhd 2013/12/04.23:33:34 P.49d
PH tomorrow_1/fpu_misc 1386597660 FL /home/yuta/cpuex/core/packages/fpu_misc.vhd
FL /home/yuta/cpuex/core/packages/fpu_pack.vhd 2013/12/09.21:34:13 P.49d
PH tomorrow_1/fpu_pack 1386597665 FL /home/yuta/cpuex/core/packages/fpu_pack.vhd \
      PB ieee/std_logic_1164 1354696159 CD fadd CD fmul CD ftoi CD sitof CD fdiv \
      CD fsqrt
FL /home/yuta/cpuex/git/tomorrow/core/packages/alu_pack.vhd 2013/12/04.23:33:34 P.49d
PH tomorrow_1/alu_pack 1386597659 \
      FL /home/yuta/cpuex/git/tomorrow/core/packages/alu_pack.vhd
FL /home/yuta/cpuex/git/tomorrow/core/packages/component_pack.vhd 2013/12/04.23:33:34 P.49d
PH tomorrow_1/component_pack 1386597663 \
      FL /home/yuta/cpuex/git/tomorrow/core/packages/component_pack.vhd \
      PB ieee/std_logic_1164 1354696159 LB tomorrow_1 PH tomorrow_1/alu_pack 1386597659 \
      PH tomorrow_1/fpu_misc 1386597660 CD register_file CD alu CD fpu
FL /home/yuta/cpuex/git/tomorrow/core/packages/controller_pack.vhd 2013/12/09.21:30:51 P.49d
PH tomorrow_1/controller_pack 1386597662 \
      FL /home/yuta/cpuex/git/tomorrow/core/packages/controller_pack.vhd \
      PB ieee/std_logic_1164 1354696159 LB tomorrow_1 PH tomorrow_1/alu_pack 1386597659
FL /home/yuta/cpuex/git/tomorrow/core/packages/ram_pack.vhd 2013/11/08.11:08:58 P.49d
PH tomorrow_1/ram_pack 1386597661 \
      FL /home/yuta/cpuex/git/tomorrow/core/packages/ram_pack.vhd \
      PB ieee/std_logic_1164 1354696159 CD receiver CD transmitter CD blockram \
      CD io_manager
FL /home/yuta/cpuex/git/tomorrow/core/packages/top_pack.vhd 2013/12/04.23:33:34 P.49d
PH tomorrow_1/top_pack 1386597664 \
      FL /home/yuta/cpuex/git/tomorrow/core/packages/top_pack.vhd \
      PB ieee/std_logic_1164 1354696159 LB tomorrow_1 PH tomorrow_1/alu_pack 1386597659 \
      CD datapath CD controller CD ram
