V3 14
FL /home/yuta/cpuex/git/tomorrow/core/RTL/receiver.vhd 2013/11/08.11:08:58 P.49d
EN work/receiver 1384674020 \
      FL /home/yuta/cpuex/git/tomorrow/core/RTL/receiver.vhd \
      PB ieee/std_logic_1164 1354696159 PB ieee/STD_LOGIC_UNSIGNED 1354696162
AR work/receiver/RTL 1384674021 \
      FL /home/yuta/cpuex/git/tomorrow/core/RTL/receiver.vhd EN work/receiver 1384674020
FL /home/yuta/cpuex/git/tomorrow/core/RTL/transmitter.vhd 2013/11/08.11:08:58 P.49d
EN work/transmitter 1384674022 \
      FL /home/yuta/cpuex/git/tomorrow/core/RTL/transmitter.vhd \
      PB ieee/std_logic_1164 1354696159 PB ieee/STD_LOGIC_UNSIGNED 1354696162
AR work/transmitter/RTL_arr 1384674023 \
      FL /home/yuta/cpuex/git/tomorrow/core/RTL/transmitter.vhd \
      EN work/transmitter 1384674022
FL /home/yuta/cpuex/git/tomorrow/core/temp/top.vhd 2013/11/08.11:19:51 P.49d
EN work/top 1384674024 FL /home/yuta/cpuex/git/tomorrow/core/temp/top.vhd \
      PB ieee/std_logic_1164 1354696159 PB ieee/STD_LOGIC_UNSIGNED 1354696162 \
      LB unisim PH unisim/VCOMPONENTS 1354696165
AR work/top/loopback 1384674025 \
      FL /home/yuta/cpuex/git/tomorrow/core/temp/top.vhd EN work/top 1384674024 \
      CP IBUFG CP BUFG CP receiver CP transmitter
